------------------------------------------------------------
TimeQuest Timing Analyzer Summary
------------------------------------------------------------

Type  : Slow 1200mV 85C Model Setup 'jpd_freq_div_28:inst|jpd_freq_div_4:inst9|jpd_freq_div_unit:inst2|inst5'
Slack : -5.442
TNS   : -152.583

Type  : Slow 1200mV 85C Model Setup 'ck'
Slack : -0.009
TNS   : -0.009

Type  : Slow 1200mV 85C Model Setup 'jpd_freq_div_28:inst|jpd_freq_div_4:inst13|jpd_freq_div_unit:inst3|inst5'
Slack : 0.021
TNS   : 0.000

Type  : Slow 1200mV 85C Model Setup 'jpd_freq_div_28:inst|jpd_freq_div_4:inst13|jpd_freq_div_unit:inst2|inst5'
Slack : 0.042
TNS   : 0.000

Type  : Slow 1200mV 85C Model Setup 'jpd_freq_div_28:inst|jpd_freq_div_4:inst10|jpd_freq_div_unit:inst3|inst5'
Slack : 0.046
TNS   : 0.000

Type  : Slow 1200mV 85C Model Setup 'jpd_freq_div_28:inst|jpd_freq_div_4:inst12|jpd_freq_div_unit:inst3|inst5'
Slack : 0.046
TNS   : 0.000

Type  : Slow 1200mV 85C Model Setup 'jpd_freq_div_28:inst|jpd_freq_div_4:inst8|jpd_freq_div_unit:inst2|inst5'
Slack : 0.046
TNS   : 0.000

Type  : Slow 1200mV 85C Model Setup 'jpd_freq_div_28:inst|jpd_freq_div_4:inst11|jpd_freq_div_unit:inst3|inst5'
Slack : 0.051
TNS   : 0.000

Type  : Slow 1200mV 85C Model Setup 'jpd_freq_div_28:inst|jpd_freq_div_4:inst7|jpd_freq_div_unit:inst3|inst5'
Slack : 0.129
TNS   : 0.000

Type  : Slow 1200mV 85C Model Setup 'jpd_freq_div_28:inst|jpd_freq_div_4:inst11|jpd_freq_div_unit:inst7|inst5'
Slack : 0.169
TNS   : 0.000

Type  : Slow 1200mV 85C Model Setup 'jpd_freq_div_28:inst|jpd_freq_div_4:inst8|jpd_freq_div_unit:inst3|inst5'
Slack : 0.169
TNS   : 0.000

Type  : Slow 1200mV 85C Model Setup 'jpd_freq_div_28:inst|jpd_freq_div_4:inst12|jpd_freq_div_unit:inst1|inst5'
Slack : 0.174
TNS   : 0.000

Type  : Slow 1200mV 85C Model Setup 'jpd_freq_div_28:inst|jpd_freq_div_4:inst7|jpd_freq_div_unit:inst1|inst5'
Slack : 0.176
TNS   : 0.000

Type  : Slow 1200mV 85C Model Setup 'jpd_freq_div_28:inst|jpd_freq_div_4:inst7|jpd_freq_div_unit:inst7|inst5'
Slack : 0.181
TNS   : 0.000

Type  : Slow 1200mV 85C Model Setup 'jpd_freq_div_28:inst|jpd_freq_div_4:inst8|jpd_freq_div_unit:inst7|inst5'
Slack : 0.187
TNS   : 0.000

Type  : Slow 1200mV 85C Model Setup 'jpd_freq_div_28:inst|jpd_freq_div_4:inst12|jpd_freq_div_unit:inst7|inst5'
Slack : 0.192
TNS   : 0.000

Type  : Slow 1200mV 85C Model Setup 'jpd_freq_div_28:inst|jpd_freq_div_4:inst10|jpd_freq_div_unit:inst7|inst5'
Slack : 0.193
TNS   : 0.000

Type  : Slow 1200mV 85C Model Setup 'jpd_freq_div_28:inst|jpd_freq_div_4:inst8|jpd_freq_div_unit:inst1|inst5'
Slack : 0.195
TNS   : 0.000

Type  : Slow 1200mV 85C Model Setup 'jpd_freq_div_28:inst|jpd_freq_div_4:inst10|jpd_freq_div_unit:inst2|inst5'
Slack : 0.200
TNS   : 0.000

Type  : Slow 1200mV 85C Model Setup 'jpd_freq_div_28:inst|jpd_freq_div_4:inst11|jpd_freq_div_unit:inst1|inst5'
Slack : 0.204
TNS   : 0.000

Type  : Slow 1200mV 85C Model Setup 'jpd_freq_div_28:inst|jpd_freq_div_4:inst10|jpd_freq_div_unit:inst1|inst5'
Slack : 0.205
TNS   : 0.000

Type  : Slow 1200mV 85C Model Setup 'jpd_freq_div_28:inst|jpd_freq_div_4:inst13|jpd_freq_div_unit:inst1|inst5'
Slack : 0.206
TNS   : 0.000

Type  : Slow 1200mV 85C Model Setup 'jpd_freq_div_28:inst|jpd_freq_div_4:inst13|jpd_freq_div_unit:inst7|inst5'
Slack : 0.208
TNS   : 0.000

Type  : Slow 1200mV 85C Model Setup 'jpd_freq_div_28:inst|jpd_freq_div_4:inst12|jpd_freq_div_unit:inst2|inst5'
Slack : 0.235
TNS   : 0.000

Type  : Slow 1200mV 85C Model Setup 'jpd_freq_div_28:inst|jpd_freq_div_4:inst7|jpd_freq_div_unit:inst2|inst5'
Slack : 0.263
TNS   : 0.000

Type  : Slow 1200mV 85C Model Setup 'jpd_freq_div_28:inst|jpd_freq_div_4:inst11|jpd_freq_div_unit:inst2|inst5'
Slack : 0.264
TNS   : 0.000

Type  : Slow 1200mV 85C Model Hold 'jpd_freq_div_28:inst|jpd_freq_div_4:inst7|jpd_freq_div_unit:inst2|inst5'
Slack : -0.234
TNS   : -0.234

Type  : Slow 1200mV 85C Model Hold 'jpd_freq_div_28:inst|jpd_freq_div_4:inst10|jpd_freq_div_unit:inst2|inst5'
Slack : -0.117
TNS   : -0.117

Type  : Slow 1200mV 85C Model Hold 'jpd_freq_div_28:inst|jpd_freq_div_4:inst11|jpd_freq_div_unit:inst2|inst5'
Slack : -0.068
TNS   : -0.068

Type  : Slow 1200mV 85C Model Hold 'jpd_freq_div_28:inst|jpd_freq_div_4:inst7|jpd_freq_div_unit:inst3|inst5'
Slack : -0.028
TNS   : -0.028

Type  : Slow 1200mV 85C Model Hold 'jpd_freq_div_28:inst|jpd_freq_div_4:inst12|jpd_freq_div_unit:inst2|inst5'
Slack : -0.026
TNS   : -0.026

Type  : Slow 1200mV 85C Model Hold 'jpd_freq_div_28:inst|jpd_freq_div_4:inst11|jpd_freq_div_unit:inst3|inst5'
Slack : -0.008
TNS   : -0.008

Type  : Slow 1200mV 85C Model Hold 'jpd_freq_div_28:inst|jpd_freq_div_4:inst8|jpd_freq_div_unit:inst3|inst5'
Slack : -0.008
TNS   : -0.008

Type  : Slow 1200mV 85C Model Hold 'jpd_freq_div_28:inst|jpd_freq_div_4:inst13|jpd_freq_div_unit:inst2|inst5'
Slack : 0.001
TNS   : 0.000

Type  : Slow 1200mV 85C Model Hold 'jpd_freq_div_28:inst|jpd_freq_div_4:inst12|jpd_freq_div_unit:inst3|inst5'
Slack : 0.010
TNS   : 0.000

Type  : Slow 1200mV 85C Model Hold 'jpd_freq_div_28:inst|jpd_freq_div_4:inst8|jpd_freq_div_unit:inst2|inst5'
Slack : 0.010
TNS   : 0.000

Type  : Slow 1200mV 85C Model Hold 'jpd_freq_div_28:inst|jpd_freq_div_4:inst10|jpd_freq_div_unit:inst3|inst5'
Slack : 0.016
TNS   : 0.000

Type  : Slow 1200mV 85C Model Hold 'jpd_freq_div_28:inst|jpd_freq_div_4:inst13|jpd_freq_div_unit:inst7|inst5'
Slack : 0.020
TNS   : 0.000

Type  : Slow 1200mV 85C Model Hold 'jpd_freq_div_28:inst|jpd_freq_div_4:inst13|jpd_freq_div_unit:inst1|inst5'
Slack : 0.022
TNS   : 0.000

Type  : Slow 1200mV 85C Model Hold 'jpd_freq_div_28:inst|jpd_freq_div_4:inst10|jpd_freq_div_unit:inst1|inst5'
Slack : 0.023
TNS   : 0.000

Type  : Slow 1200mV 85C Model Hold 'jpd_freq_div_28:inst|jpd_freq_div_4:inst13|jpd_freq_div_unit:inst3|inst5'
Slack : 0.023
TNS   : 0.000

Type  : Slow 1200mV 85C Model Hold 'jpd_freq_div_28:inst|jpd_freq_div_4:inst11|jpd_freq_div_unit:inst1|inst5'
Slack : 0.024
TNS   : 0.000

Type  : Slow 1200mV 85C Model Hold 'ck'
Slack : 0.030
TNS   : 0.000

Type  : Slow 1200mV 85C Model Hold 'jpd_freq_div_28:inst|jpd_freq_div_4:inst8|jpd_freq_div_unit:inst1|inst5'
Slack : 0.034
TNS   : 0.000

Type  : Slow 1200mV 85C Model Hold 'jpd_freq_div_28:inst|jpd_freq_div_4:inst10|jpd_freq_div_unit:inst7|inst5'
Slack : 0.036
TNS   : 0.000

Type  : Slow 1200mV 85C Model Hold 'jpd_freq_div_28:inst|jpd_freq_div_4:inst12|jpd_freq_div_unit:inst7|inst5'
Slack : 0.036
TNS   : 0.000

Type  : Slow 1200mV 85C Model Hold 'jpd_freq_div_28:inst|jpd_freq_div_4:inst11|jpd_freq_div_unit:inst7|inst5'
Slack : 0.039
TNS   : 0.000

Type  : Slow 1200mV 85C Model Hold 'jpd_freq_div_28:inst|jpd_freq_div_4:inst8|jpd_freq_div_unit:inst7|inst5'
Slack : 0.039
TNS   : 0.000

Type  : Slow 1200mV 85C Model Hold 'jpd_freq_div_28:inst|jpd_freq_div_4:inst7|jpd_freq_div_unit:inst7|inst5'
Slack : 0.046
TNS   : 0.000

Type  : Slow 1200mV 85C Model Hold 'jpd_freq_div_28:inst|jpd_freq_div_4:inst7|jpd_freq_div_unit:inst1|inst5'
Slack : 0.053
TNS   : 0.000

Type  : Slow 1200mV 85C Model Hold 'jpd_freq_div_28:inst|jpd_freq_div_4:inst12|jpd_freq_div_unit:inst1|inst5'
Slack : 0.056
TNS   : 0.000

Type  : Slow 1200mV 85C Model Hold 'jpd_freq_div_28:inst|jpd_freq_div_4:inst9|jpd_freq_div_unit:inst2|inst5'
Slack : 0.237
TNS   : 0.000

Type  : Slow 1200mV 85C Model Minimum Pulse Width 'ck'
Slack : -3.000
TNS   : -4.000

Type  : Slow 1200mV 85C Model Minimum Pulse Width 'jpd_freq_div_28:inst|jpd_freq_div_4:inst9|jpd_freq_div_unit:inst2|inst5'
Slack : -2.174
TNS   : -43.174

Type  : Slow 1200mV 85C Model Minimum Pulse Width 'jpd_freq_div_28:inst|jpd_freq_div_4:inst10|jpd_freq_div_unit:inst1|inst5'
Slack : -1.000
TNS   : -1.000

Type  : Slow 1200mV 85C Model Minimum Pulse Width 'jpd_freq_div_28:inst|jpd_freq_div_4:inst10|jpd_freq_div_unit:inst2|inst5'
Slack : -1.000
TNS   : -1.000

Type  : Slow 1200mV 85C Model Minimum Pulse Width 'jpd_freq_div_28:inst|jpd_freq_div_4:inst10|jpd_freq_div_unit:inst3|inst5'
Slack : -1.000
TNS   : -1.000

Type  : Slow 1200mV 85C Model Minimum Pulse Width 'jpd_freq_div_28:inst|jpd_freq_div_4:inst10|jpd_freq_div_unit:inst7|inst5'
Slack : -1.000
TNS   : -1.000

Type  : Slow 1200mV 85C Model Minimum Pulse Width 'jpd_freq_div_28:inst|jpd_freq_div_4:inst11|jpd_freq_div_unit:inst1|inst5'
Slack : -1.000
TNS   : -1.000

Type  : Slow 1200mV 85C Model Minimum Pulse Width 'jpd_freq_div_28:inst|jpd_freq_div_4:inst11|jpd_freq_div_unit:inst2|inst5'
Slack : -1.000
TNS   : -1.000

Type  : Slow 1200mV 85C Model Minimum Pulse Width 'jpd_freq_div_28:inst|jpd_freq_div_4:inst11|jpd_freq_div_unit:inst3|inst5'
Slack : -1.000
TNS   : -1.000

Type  : Slow 1200mV 85C Model Minimum Pulse Width 'jpd_freq_div_28:inst|jpd_freq_div_4:inst11|jpd_freq_div_unit:inst7|inst5'
Slack : -1.000
TNS   : -1.000

Type  : Slow 1200mV 85C Model Minimum Pulse Width 'jpd_freq_div_28:inst|jpd_freq_div_4:inst12|jpd_freq_div_unit:inst1|inst5'
Slack : -1.000
TNS   : -1.000

Type  : Slow 1200mV 85C Model Minimum Pulse Width 'jpd_freq_div_28:inst|jpd_freq_div_4:inst12|jpd_freq_div_unit:inst2|inst5'
Slack : -1.000
TNS   : -1.000

Type  : Slow 1200mV 85C Model Minimum Pulse Width 'jpd_freq_div_28:inst|jpd_freq_div_4:inst12|jpd_freq_div_unit:inst3|inst5'
Slack : -1.000
TNS   : -1.000

Type  : Slow 1200mV 85C Model Minimum Pulse Width 'jpd_freq_div_28:inst|jpd_freq_div_4:inst12|jpd_freq_div_unit:inst7|inst5'
Slack : -1.000
TNS   : -1.000

Type  : Slow 1200mV 85C Model Minimum Pulse Width 'jpd_freq_div_28:inst|jpd_freq_div_4:inst13|jpd_freq_div_unit:inst1|inst5'
Slack : -1.000
TNS   : -1.000

Type  : Slow 1200mV 85C Model Minimum Pulse Width 'jpd_freq_div_28:inst|jpd_freq_div_4:inst13|jpd_freq_div_unit:inst2|inst5'
Slack : -1.000
TNS   : -1.000

Type  : Slow 1200mV 85C Model Minimum Pulse Width 'jpd_freq_div_28:inst|jpd_freq_div_4:inst13|jpd_freq_div_unit:inst3|inst5'
Slack : -1.000
TNS   : -1.000

Type  : Slow 1200mV 85C Model Minimum Pulse Width 'jpd_freq_div_28:inst|jpd_freq_div_4:inst13|jpd_freq_div_unit:inst7|inst5'
Slack : -1.000
TNS   : -1.000

Type  : Slow 1200mV 85C Model Minimum Pulse Width 'jpd_freq_div_28:inst|jpd_freq_div_4:inst7|jpd_freq_div_unit:inst1|inst5'
Slack : -1.000
TNS   : -1.000

Type  : Slow 1200mV 85C Model Minimum Pulse Width 'jpd_freq_div_28:inst|jpd_freq_div_4:inst7|jpd_freq_div_unit:inst2|inst5'
Slack : -1.000
TNS   : -1.000

Type  : Slow 1200mV 85C Model Minimum Pulse Width 'jpd_freq_div_28:inst|jpd_freq_div_4:inst7|jpd_freq_div_unit:inst3|inst5'
Slack : -1.000
TNS   : -1.000

Type  : Slow 1200mV 85C Model Minimum Pulse Width 'jpd_freq_div_28:inst|jpd_freq_div_4:inst7|jpd_freq_div_unit:inst7|inst5'
Slack : -1.000
TNS   : -1.000

Type  : Slow 1200mV 85C Model Minimum Pulse Width 'jpd_freq_div_28:inst|jpd_freq_div_4:inst8|jpd_freq_div_unit:inst1|inst5'
Slack : -1.000
TNS   : -1.000

Type  : Slow 1200mV 85C Model Minimum Pulse Width 'jpd_freq_div_28:inst|jpd_freq_div_4:inst8|jpd_freq_div_unit:inst2|inst5'
Slack : -1.000
TNS   : -1.000

Type  : Slow 1200mV 85C Model Minimum Pulse Width 'jpd_freq_div_28:inst|jpd_freq_div_4:inst8|jpd_freq_div_unit:inst3|inst5'
Slack : -1.000
TNS   : -1.000

Type  : Slow 1200mV 85C Model Minimum Pulse Width 'jpd_freq_div_28:inst|jpd_freq_div_4:inst8|jpd_freq_div_unit:inst7|inst5'
Slack : -1.000
TNS   : -1.000

Type  : Slow 1200mV 0C Model Setup 'jpd_freq_div_28:inst|jpd_freq_div_4:inst9|jpd_freq_div_unit:inst2|inst5'
Slack : -4.779
TNS   : -132.500

Type  : Slow 1200mV 0C Model Setup 'jpd_freq_div_28:inst|jpd_freq_div_4:inst13|jpd_freq_div_unit:inst3|inst5'
Slack : 0.096
TNS   : 0.000

Type  : Slow 1200mV 0C Model Setup 'jpd_freq_div_28:inst|jpd_freq_div_4:inst13|jpd_freq_div_unit:inst2|inst5'
Slack : 0.111
TNS   : 0.000

Type  : Slow 1200mV 0C Model Setup 'jpd_freq_div_28:inst|jpd_freq_div_4:inst10|jpd_freq_div_unit:inst3|inst5'
Slack : 0.112
TNS   : 0.000

Type  : Slow 1200mV 0C Model Setup 'jpd_freq_div_28:inst|jpd_freq_div_4:inst12|jpd_freq_div_unit:inst3|inst5'
Slack : 0.112
TNS   : 0.000

Type  : Slow 1200mV 0C Model Setup 'jpd_freq_div_28:inst|jpd_freq_div_4:inst8|jpd_freq_div_unit:inst2|inst5'
Slack : 0.112
TNS   : 0.000

Type  : Slow 1200mV 0C Model Setup 'ck'
Slack : 0.113
TNS   : 0.000

Type  : Slow 1200mV 0C Model Setup 'jpd_freq_div_28:inst|jpd_freq_div_4:inst11|jpd_freq_div_unit:inst3|inst5'
Slack : 0.119
TNS   : 0.000

Type  : Slow 1200mV 0C Model Setup 'jpd_freq_div_28:inst|jpd_freq_div_4:inst7|jpd_freq_div_unit:inst3|inst5'
Slack : 0.181
TNS   : 0.000

Type  : Slow 1200mV 0C Model Setup 'jpd_freq_div_28:inst|jpd_freq_div_4:inst11|jpd_freq_div_unit:inst7|inst5'
Slack : 0.213
TNS   : 0.000

Type  : Slow 1200mV 0C Model Setup 'jpd_freq_div_28:inst|jpd_freq_div_4:inst12|jpd_freq_div_unit:inst1|inst5'
Slack : 0.216
TNS   : 0.000

Type  : Slow 1200mV 0C Model Setup 'jpd_freq_div_28:inst|jpd_freq_div_4:inst7|jpd_freq_div_unit:inst1|inst5'
Slack : 0.217
TNS   : 0.000

Type  : Slow 1200mV 0C Model Setup 'jpd_freq_div_28:inst|jpd_freq_div_4:inst8|jpd_freq_div_unit:inst3|inst5'
Slack : 0.220
TNS   : 0.000

Type  : Slow 1200mV 0C Model Setup 'jpd_freq_div_28:inst|jpd_freq_div_4:inst7|jpd_freq_div_unit:inst7|inst5'
Slack : 0.224
TNS   : 0.000

Type  : Slow 1200mV 0C Model Setup 'jpd_freq_div_28:inst|jpd_freq_div_4:inst10|jpd_freq_div_unit:inst7|inst5'
Slack : 0.226
TNS   : 0.000

Type  : Slow 1200mV 0C Model Setup 'jpd_freq_div_28:inst|jpd_freq_div_4:inst12|jpd_freq_div_unit:inst7|inst5'
Slack : 0.226
TNS   : 0.000

Type  : Slow 1200mV 0C Model Setup 'jpd_freq_div_28:inst|jpd_freq_div_4:inst8|jpd_freq_div_unit:inst1|inst5'
Slack : 0.228
TNS   : 0.000

Type  : Slow 1200mV 0C Model Setup 'jpd_freq_div_28:inst|jpd_freq_div_4:inst8|jpd_freq_div_unit:inst7|inst5'
Slack : 0.229
TNS   : 0.000

Type  : Slow 1200mV 0C Model Setup 'jpd_freq_div_28:inst|jpd_freq_div_4:inst11|jpd_freq_div_unit:inst1|inst5'
Slack : 0.236
TNS   : 0.000

Type  : Slow 1200mV 0C Model Setup 'jpd_freq_div_28:inst|jpd_freq_div_4:inst10|jpd_freq_div_unit:inst1|inst5'
Slack : 0.237
TNS   : 0.000

Type  : Slow 1200mV 0C Model Setup 'jpd_freq_div_28:inst|jpd_freq_div_4:inst13|jpd_freq_div_unit:inst1|inst5'
Slack : 0.238
TNS   : 0.000

Type  : Slow 1200mV 0C Model Setup 'jpd_freq_div_28:inst|jpd_freq_div_4:inst13|jpd_freq_div_unit:inst7|inst5'
Slack : 0.241
TNS   : 0.000

Type  : Slow 1200mV 0C Model Setup 'jpd_freq_div_28:inst|jpd_freq_div_4:inst10|jpd_freq_div_unit:inst2|inst5'
Slack : 0.263
TNS   : 0.000

Type  : Slow 1200mV 0C Model Setup 'jpd_freq_div_28:inst|jpd_freq_div_4:inst12|jpd_freq_div_unit:inst2|inst5'
Slack : 0.287
TNS   : 0.000

Type  : Slow 1200mV 0C Model Setup 'jpd_freq_div_28:inst|jpd_freq_div_4:inst11|jpd_freq_div_unit:inst2|inst5'
Slack : 0.300
TNS   : 0.000

Type  : Slow 1200mV 0C Model Setup 'jpd_freq_div_28:inst|jpd_freq_div_4:inst7|jpd_freq_div_unit:inst2|inst5'
Slack : 0.324
TNS   : 0.000

Type  : Slow 1200mV 0C Model Hold 'jpd_freq_div_28:inst|jpd_freq_div_4:inst7|jpd_freq_div_unit:inst2|inst5'
Slack : -0.248
TNS   : -0.248

Type  : Slow 1200mV 0C Model Hold 'jpd_freq_div_28:inst|jpd_freq_div_4:inst10|jpd_freq_div_unit:inst2|inst5'
Slack : -0.149
TNS   : -0.149

Type  : Slow 1200mV 0C Model Hold 'jpd_freq_div_28:inst|jpd_freq_div_4:inst11|jpd_freq_div_unit:inst2|inst5'
Slack : -0.075
TNS   : -0.075

Type  : Slow 1200mV 0C Model Hold 'jpd_freq_div_28:inst|jpd_freq_div_4:inst12|jpd_freq_div_unit:inst2|inst5'
Slack : -0.053
TNS   : -0.053

Type  : Slow 1200mV 0C Model Hold 'jpd_freq_div_28:inst|jpd_freq_div_4:inst7|jpd_freq_div_unit:inst3|inst5'
Slack : -0.050
TNS   : -0.050

Type  : Slow 1200mV 0C Model Hold 'ck'
Slack : -0.049
TNS   : -0.049

Type  : Slow 1200mV 0C Model Hold 'jpd_freq_div_28:inst|jpd_freq_div_4:inst8|jpd_freq_div_unit:inst3|inst5'
Slack : -0.033
TNS   : -0.033

Type  : Slow 1200mV 0C Model Hold 'jpd_freq_div_28:inst|jpd_freq_div_4:inst11|jpd_freq_div_unit:inst3|inst5'
Slack : -0.032
TNS   : -0.032

Type  : Slow 1200mV 0C Model Hold 'jpd_freq_div_28:inst|jpd_freq_div_4:inst13|jpd_freq_div_unit:inst2|inst5'
Slack : -0.024
TNS   : -0.024

Type  : Slow 1200mV 0C Model Hold 'jpd_freq_div_28:inst|jpd_freq_div_4:inst12|jpd_freq_div_unit:inst3|inst5'
Slack : -0.016
TNS   : -0.016

Type  : Slow 1200mV 0C Model Hold 'jpd_freq_div_28:inst|jpd_freq_div_4:inst8|jpd_freq_div_unit:inst2|inst5'
Slack : -0.016
TNS   : -0.016

Type  : Slow 1200mV 0C Model Hold 'jpd_freq_div_28:inst|jpd_freq_div_4:inst10|jpd_freq_div_unit:inst3|inst5'
Slack : -0.012
TNS   : -0.012

Type  : Slow 1200mV 0C Model Hold 'jpd_freq_div_28:inst|jpd_freq_div_4:inst13|jpd_freq_div_unit:inst3|inst5'
Slack : -0.009
TNS   : -0.009

Type  : Slow 1200mV 0C Model Hold 'jpd_freq_div_28:inst|jpd_freq_div_4:inst13|jpd_freq_div_unit:inst7|inst5'
Slack : 0.008
TNS   : 0.000

Type  : Slow 1200mV 0C Model Hold 'jpd_freq_div_28:inst|jpd_freq_div_4:inst13|jpd_freq_div_unit:inst1|inst5'
Slack : 0.010
TNS   : 0.000

Type  : Slow 1200mV 0C Model Hold 'jpd_freq_div_28:inst|jpd_freq_div_4:inst10|jpd_freq_div_unit:inst1|inst5'
Slack : 0.011
TNS   : 0.000

Type  : Slow 1200mV 0C Model Hold 'jpd_freq_div_28:inst|jpd_freq_div_4:inst11|jpd_freq_div_unit:inst1|inst5'
Slack : 0.012
TNS   : 0.000

Type  : Slow 1200mV 0C Model Hold 'jpd_freq_div_28:inst|jpd_freq_div_4:inst8|jpd_freq_div_unit:inst1|inst5'
Slack : 0.021
TNS   : 0.000

Type  : Slow 1200mV 0C Model Hold 'jpd_freq_div_28:inst|jpd_freq_div_4:inst10|jpd_freq_div_unit:inst7|inst5'
Slack : 0.022
TNS   : 0.000

Type  : Slow 1200mV 0C Model Hold 'jpd_freq_div_28:inst|jpd_freq_div_4:inst12|jpd_freq_div_unit:inst7|inst5'
Slack : 0.022
TNS   : 0.000

Type  : Slow 1200mV 0C Model Hold 'jpd_freq_div_28:inst|jpd_freq_div_4:inst11|jpd_freq_div_unit:inst7|inst5'
Slack : 0.032
TNS   : 0.000

Type  : Slow 1200mV 0C Model Hold 'jpd_freq_div_28:inst|jpd_freq_div_4:inst8|jpd_freq_div_unit:inst7|inst5'
Slack : 0.041
TNS   : 0.000

Type  : Slow 1200mV 0C Model Hold 'jpd_freq_div_28:inst|jpd_freq_div_4:inst7|jpd_freq_div_unit:inst7|inst5'
Slack : 0.047
TNS   : 0.000

Type  : Slow 1200mV 0C Model Hold 'jpd_freq_div_28:inst|jpd_freq_div_4:inst7|jpd_freq_div_unit:inst1|inst5'
Slack : 0.055
TNS   : 0.000

Type  : Slow 1200mV 0C Model Hold 'jpd_freq_div_28:inst|jpd_freq_div_4:inst12|jpd_freq_div_unit:inst1|inst5'
Slack : 0.056
TNS   : 0.000

Type  : Slow 1200mV 0C Model Hold 'jpd_freq_div_28:inst|jpd_freq_div_4:inst9|jpd_freq_div_unit:inst2|inst5'
Slack : 0.234
TNS   : 0.000

Type  : Slow 1200mV 0C Model Minimum Pulse Width 'ck'
Slack : -3.000
TNS   : -4.000

Type  : Slow 1200mV 0C Model Minimum Pulse Width 'jpd_freq_div_28:inst|jpd_freq_div_4:inst9|jpd_freq_div_unit:inst2|inst5'
Slack : -2.174
TNS   : -43.174

Type  : Slow 1200mV 0C Model Minimum Pulse Width 'jpd_freq_div_28:inst|jpd_freq_div_4:inst10|jpd_freq_div_unit:inst1|inst5'
Slack : -1.000
TNS   : -1.000

Type  : Slow 1200mV 0C Model Minimum Pulse Width 'jpd_freq_div_28:inst|jpd_freq_div_4:inst10|jpd_freq_div_unit:inst2|inst5'
Slack : -1.000
TNS   : -1.000

Type  : Slow 1200mV 0C Model Minimum Pulse Width 'jpd_freq_div_28:inst|jpd_freq_div_4:inst10|jpd_freq_div_unit:inst3|inst5'
Slack : -1.000
TNS   : -1.000

Type  : Slow 1200mV 0C Model Minimum Pulse Width 'jpd_freq_div_28:inst|jpd_freq_div_4:inst10|jpd_freq_div_unit:inst7|inst5'
Slack : -1.000
TNS   : -1.000

Type  : Slow 1200mV 0C Model Minimum Pulse Width 'jpd_freq_div_28:inst|jpd_freq_div_4:inst11|jpd_freq_div_unit:inst1|inst5'
Slack : -1.000
TNS   : -1.000

Type  : Slow 1200mV 0C Model Minimum Pulse Width 'jpd_freq_div_28:inst|jpd_freq_div_4:inst11|jpd_freq_div_unit:inst2|inst5'
Slack : -1.000
TNS   : -1.000

Type  : Slow 1200mV 0C Model Minimum Pulse Width 'jpd_freq_div_28:inst|jpd_freq_div_4:inst11|jpd_freq_div_unit:inst3|inst5'
Slack : -1.000
TNS   : -1.000

Type  : Slow 1200mV 0C Model Minimum Pulse Width 'jpd_freq_div_28:inst|jpd_freq_div_4:inst11|jpd_freq_div_unit:inst7|inst5'
Slack : -1.000
TNS   : -1.000

Type  : Slow 1200mV 0C Model Minimum Pulse Width 'jpd_freq_div_28:inst|jpd_freq_div_4:inst12|jpd_freq_div_unit:inst1|inst5'
Slack : -1.000
TNS   : -1.000

Type  : Slow 1200mV 0C Model Minimum Pulse Width 'jpd_freq_div_28:inst|jpd_freq_div_4:inst12|jpd_freq_div_unit:inst2|inst5'
Slack : -1.000
TNS   : -1.000

Type  : Slow 1200mV 0C Model Minimum Pulse Width 'jpd_freq_div_28:inst|jpd_freq_div_4:inst12|jpd_freq_div_unit:inst3|inst5'
Slack : -1.000
TNS   : -1.000

Type  : Slow 1200mV 0C Model Minimum Pulse Width 'jpd_freq_div_28:inst|jpd_freq_div_4:inst12|jpd_freq_div_unit:inst7|inst5'
Slack : -1.000
TNS   : -1.000

Type  : Slow 1200mV 0C Model Minimum Pulse Width 'jpd_freq_div_28:inst|jpd_freq_div_4:inst13|jpd_freq_div_unit:inst1|inst5'
Slack : -1.000
TNS   : -1.000

Type  : Slow 1200mV 0C Model Minimum Pulse Width 'jpd_freq_div_28:inst|jpd_freq_div_4:inst13|jpd_freq_div_unit:inst2|inst5'
Slack : -1.000
TNS   : -1.000

Type  : Slow 1200mV 0C Model Minimum Pulse Width 'jpd_freq_div_28:inst|jpd_freq_div_4:inst13|jpd_freq_div_unit:inst3|inst5'
Slack : -1.000
TNS   : -1.000

Type  : Slow 1200mV 0C Model Minimum Pulse Width 'jpd_freq_div_28:inst|jpd_freq_div_4:inst13|jpd_freq_div_unit:inst7|inst5'
Slack : -1.000
TNS   : -1.000

Type  : Slow 1200mV 0C Model Minimum Pulse Width 'jpd_freq_div_28:inst|jpd_freq_div_4:inst7|jpd_freq_div_unit:inst1|inst5'
Slack : -1.000
TNS   : -1.000

Type  : Slow 1200mV 0C Model Minimum Pulse Width 'jpd_freq_div_28:inst|jpd_freq_div_4:inst7|jpd_freq_div_unit:inst2|inst5'
Slack : -1.000
TNS   : -1.000

Type  : Slow 1200mV 0C Model Minimum Pulse Width 'jpd_freq_div_28:inst|jpd_freq_div_4:inst7|jpd_freq_div_unit:inst3|inst5'
Slack : -1.000
TNS   : -1.000

Type  : Slow 1200mV 0C Model Minimum Pulse Width 'jpd_freq_div_28:inst|jpd_freq_div_4:inst7|jpd_freq_div_unit:inst7|inst5'
Slack : -1.000
TNS   : -1.000

Type  : Slow 1200mV 0C Model Minimum Pulse Width 'jpd_freq_div_28:inst|jpd_freq_div_4:inst8|jpd_freq_div_unit:inst1|inst5'
Slack : -1.000
TNS   : -1.000

Type  : Slow 1200mV 0C Model Minimum Pulse Width 'jpd_freq_div_28:inst|jpd_freq_div_4:inst8|jpd_freq_div_unit:inst2|inst5'
Slack : -1.000
TNS   : -1.000

Type  : Slow 1200mV 0C Model Minimum Pulse Width 'jpd_freq_div_28:inst|jpd_freq_div_4:inst8|jpd_freq_div_unit:inst3|inst5'
Slack : -1.000
TNS   : -1.000

Type  : Slow 1200mV 0C Model Minimum Pulse Width 'jpd_freq_div_28:inst|jpd_freq_div_4:inst8|jpd_freq_div_unit:inst7|inst5'
Slack : -1.000
TNS   : -1.000

Type  : Fast 1200mV 0C Model Setup 'jpd_freq_div_28:inst|jpd_freq_div_4:inst9|jpd_freq_div_unit:inst2|inst5'
Slack : -2.448
TNS   : -64.518

Type  : Fast 1200mV 0C Model Setup 'ck'
Slack : 0.226
TNS   : 0.000

Type  : Fast 1200mV 0C Model Setup 'jpd_freq_div_28:inst|jpd_freq_div_4:inst12|jpd_freq_div_unit:inst3|inst5'
Slack : 0.246
TNS   : 0.000

Type  : Fast 1200mV 0C Model Setup 'jpd_freq_div_28:inst|jpd_freq_div_4:inst8|jpd_freq_div_unit:inst2|inst5'
Slack : 0.246
TNS   : 0.000

Type  : Fast 1200mV 0C Model Setup 'jpd_freq_div_28:inst|jpd_freq_div_4:inst10|jpd_freq_div_unit:inst3|inst5'
Slack : 0.249
TNS   : 0.000

Type  : Fast 1200mV 0C Model Setup 'jpd_freq_div_28:inst|jpd_freq_div_4:inst13|jpd_freq_div_unit:inst3|inst5'
Slack : 0.249
TNS   : 0.000

Type  : Fast 1200mV 0C Model Setup 'jpd_freq_div_28:inst|jpd_freq_div_4:inst13|jpd_freq_div_unit:inst2|inst5'
Slack : 0.254
TNS   : 0.000

Type  : Fast 1200mV 0C Model Setup 'jpd_freq_div_28:inst|jpd_freq_div_4:inst11|jpd_freq_div_unit:inst3|inst5'
Slack : 0.262
TNS   : 0.000

Type  : Fast 1200mV 0C Model Setup 'jpd_freq_div_28:inst|jpd_freq_div_4:inst7|jpd_freq_div_unit:inst3|inst5'
Slack : 0.294
TNS   : 0.000

Type  : Fast 1200mV 0C Model Setup 'jpd_freq_div_28:inst|jpd_freq_div_4:inst11|jpd_freq_div_unit:inst7|inst5'
Slack : 0.332
TNS   : 0.000

Type  : Fast 1200mV 0C Model Setup 'jpd_freq_div_28:inst|jpd_freq_div_4:inst12|jpd_freq_div_unit:inst1|inst5'
Slack : 0.335
TNS   : 0.000

Type  : Fast 1200mV 0C Model Setup 'jpd_freq_div_28:inst|jpd_freq_div_4:inst7|jpd_freq_div_unit:inst1|inst5'
Slack : 0.338
TNS   : 0.000

Type  : Fast 1200mV 0C Model Setup 'jpd_freq_div_28:inst|jpd_freq_div_4:inst10|jpd_freq_div_unit:inst2|inst5'
Slack : 0.340
TNS   : 0.000

Type  : Fast 1200mV 0C Model Setup 'jpd_freq_div_28:inst|jpd_freq_div_4:inst7|jpd_freq_div_unit:inst7|inst5'
Slack : 0.342
TNS   : 0.000

Type  : Fast 1200mV 0C Model Setup 'jpd_freq_div_28:inst|jpd_freq_div_4:inst8|jpd_freq_div_unit:inst7|inst5'
Slack : 0.343
TNS   : 0.000

Type  : Fast 1200mV 0C Model Setup 'jpd_freq_div_28:inst|jpd_freq_div_4:inst8|jpd_freq_div_unit:inst3|inst5'
Slack : 0.348
TNS   : 0.000

Type  : Fast 1200mV 0C Model Setup 'jpd_freq_div_28:inst|jpd_freq_div_4:inst10|jpd_freq_div_unit:inst7|inst5'
Slack : 0.353
TNS   : 0.000

Type  : Fast 1200mV 0C Model Setup 'jpd_freq_div_28:inst|jpd_freq_div_4:inst12|jpd_freq_div_unit:inst7|inst5'
Slack : 0.354
TNS   : 0.000

Type  : Fast 1200mV 0C Model Setup 'jpd_freq_div_28:inst|jpd_freq_div_4:inst8|jpd_freq_div_unit:inst1|inst5'
Slack : 0.356
TNS   : 0.000

Type  : Fast 1200mV 0C Model Setup 'jpd_freq_div_28:inst|jpd_freq_div_4:inst7|jpd_freq_div_unit:inst2|inst5'
Slack : 0.357
TNS   : 0.000

Type  : Fast 1200mV 0C Model Setup 'jpd_freq_div_28:inst|jpd_freq_div_4:inst11|jpd_freq_div_unit:inst1|inst5'
Slack : 0.358
TNS   : 0.000

Type  : Fast 1200mV 0C Model Setup 'jpd_freq_div_28:inst|jpd_freq_div_4:inst10|jpd_freq_div_unit:inst1|inst5'
Slack : 0.360
TNS   : 0.000

Type  : Fast 1200mV 0C Model Setup 'jpd_freq_div_28:inst|jpd_freq_div_4:inst13|jpd_freq_div_unit:inst1|inst5'
Slack : 0.363
TNS   : 0.000

Type  : Fast 1200mV 0C Model Setup 'jpd_freq_div_28:inst|jpd_freq_div_4:inst13|jpd_freq_div_unit:inst7|inst5'
Slack : 0.367
TNS   : 0.000

Type  : Fast 1200mV 0C Model Setup 'jpd_freq_div_28:inst|jpd_freq_div_4:inst12|jpd_freq_div_unit:inst2|inst5'
Slack : 0.379
TNS   : 0.000

Type  : Fast 1200mV 0C Model Setup 'jpd_freq_div_28:inst|jpd_freq_div_4:inst11|jpd_freq_div_unit:inst2|inst5'
Slack : 0.386
TNS   : 0.000

Type  : Fast 1200mV 0C Model Hold 'jpd_freq_div_28:inst|jpd_freq_div_4:inst7|jpd_freq_div_unit:inst2|inst5'
Slack : -0.116
TNS   : -0.116

Type  : Fast 1200mV 0C Model Hold 'jpd_freq_div_28:inst|jpd_freq_div_4:inst10|jpd_freq_div_unit:inst2|inst5'
Slack : -0.063
TNS   : -0.063

Type  : Fast 1200mV 0C Model Hold 'jpd_freq_div_28:inst|jpd_freq_div_4:inst11|jpd_freq_div_unit:inst2|inst5'
Slack : -0.038
TNS   : -0.038

Type  : Fast 1200mV 0C Model Hold 'ck'
Slack : -0.031
TNS   : -0.031

Type  : Fast 1200mV 0C Model Hold 'jpd_freq_div_28:inst|jpd_freq_div_4:inst12|jpd_freq_div_unit:inst2|inst5'
Slack : -0.028
TNS   : -0.028

Type  : Fast 1200mV 0C Model Hold 'jpd_freq_div_28:inst|jpd_freq_div_4:inst8|jpd_freq_div_unit:inst3|inst5'
Slack : -0.023
TNS   : -0.023

Type  : Fast 1200mV 0C Model Hold 'jpd_freq_div_28:inst|jpd_freq_div_4:inst11|jpd_freq_div_unit:inst3|inst5'
Slack : -0.012
TNS   : -0.012

Type  : Fast 1200mV 0C Model Hold 'jpd_freq_div_28:inst|jpd_freq_div_4:inst13|jpd_freq_div_unit:inst7|inst5'
Slack : -0.012
TNS   : -0.012

Type  : Fast 1200mV 0C Model Hold 'jpd_freq_div_28:inst|jpd_freq_div_4:inst11|jpd_freq_div_unit:inst7|inst5'
Slack : -0.009
TNS   : -0.009

Type  : Fast 1200mV 0C Model Hold 'jpd_freq_div_28:inst|jpd_freq_div_4:inst10|jpd_freq_div_unit:inst1|inst5'
Slack : -0.006
TNS   : -0.006

Type  : Fast 1200mV 0C Model Hold 'jpd_freq_div_28:inst|jpd_freq_div_4:inst13|jpd_freq_div_unit:inst1|inst5'
Slack : -0.006
TNS   : -0.006

Type  : Fast 1200mV 0C Model Hold 'jpd_freq_div_28:inst|jpd_freq_div_4:inst11|jpd_freq_div_unit:inst1|inst5'
Slack : -0.004
TNS   : -0.004

Type  : Fast 1200mV 0C Model Hold 'jpd_freq_div_28:inst|jpd_freq_div_4:inst13|jpd_freq_div_unit:inst2|inst5'
Slack : -0.004
TNS   : -0.004

Type  : Fast 1200mV 0C Model Hold 'jpd_freq_div_28:inst|jpd_freq_div_4:inst8|jpd_freq_div_unit:inst7|inst5'
Slack : -0.004
TNS   : -0.004

Type  : Fast 1200mV 0C Model Hold 'jpd_freq_div_28:inst|jpd_freq_div_4:inst7|jpd_freq_div_unit:inst7|inst5'
Slack : -0.002
TNS   : -0.002

Type  : Fast 1200mV 0C Model Hold 'jpd_freq_div_28:inst|jpd_freq_div_4:inst7|jpd_freq_div_unit:inst3|inst5'
Slack : -0.001
TNS   : -0.001

Type  : Fast 1200mV 0C Model Hold 'jpd_freq_div_28:inst|jpd_freq_div_4:inst8|jpd_freq_div_unit:inst1|inst5'
Slack : 0.000
TNS   : 0.000

Type  : Fast 1200mV 0C Model Hold 'jpd_freq_div_28:inst|jpd_freq_div_4:inst10|jpd_freq_div_unit:inst7|inst5'
Slack : 0.001
TNS   : 0.000

Type  : Fast 1200mV 0C Model Hold 'jpd_freq_div_28:inst|jpd_freq_div_4:inst13|jpd_freq_div_unit:inst3|inst5'
Slack : 0.001
TNS   : 0.000

Type  : Fast 1200mV 0C Model Hold 'jpd_freq_div_28:inst|jpd_freq_div_4:inst12|jpd_freq_div_unit:inst7|inst5'
Slack : 0.002
TNS   : 0.000

Type  : Fast 1200mV 0C Model Hold 'jpd_freq_div_28:inst|jpd_freq_div_4:inst7|jpd_freq_div_unit:inst1|inst5'
Slack : 0.004
TNS   : 0.000

Type  : Fast 1200mV 0C Model Hold 'jpd_freq_div_28:inst|jpd_freq_div_4:inst12|jpd_freq_div_unit:inst1|inst5'
Slack : 0.006
TNS   : 0.000

Type  : Fast 1200mV 0C Model Hold 'jpd_freq_div_28:inst|jpd_freq_div_4:inst12|jpd_freq_div_unit:inst3|inst5'
Slack : 0.009
TNS   : 0.000

Type  : Fast 1200mV 0C Model Hold 'jpd_freq_div_28:inst|jpd_freq_div_4:inst8|jpd_freq_div_unit:inst2|inst5'
Slack : 0.009
TNS   : 0.000

Type  : Fast 1200mV 0C Model Hold 'jpd_freq_div_28:inst|jpd_freq_div_4:inst10|jpd_freq_div_unit:inst3|inst5'
Slack : 0.012
TNS   : 0.000

Type  : Fast 1200mV 0C Model Hold 'jpd_freq_div_28:inst|jpd_freq_div_4:inst9|jpd_freq_div_unit:inst2|inst5'
Slack : 0.104
TNS   : 0.000

Type  : Fast 1200mV 0C Model Minimum Pulse Width 'ck'
Slack : -3.000
TNS   : -4.026

Type  : Fast 1200mV 0C Model Minimum Pulse Width 'jpd_freq_div_28:inst|jpd_freq_div_4:inst9|jpd_freq_div_unit:inst2|inst5'
Slack : -1.000
TNS   : -42.000

Type  : Fast 1200mV 0C Model Minimum Pulse Width 'jpd_freq_div_28:inst|jpd_freq_div_4:inst10|jpd_freq_div_unit:inst1|inst5'
Slack : -1.000
TNS   : -1.000

Type  : Fast 1200mV 0C Model Minimum Pulse Width 'jpd_freq_div_28:inst|jpd_freq_div_4:inst10|jpd_freq_div_unit:inst2|inst5'
Slack : -1.000
TNS   : -1.000

Type  : Fast 1200mV 0C Model Minimum Pulse Width 'jpd_freq_div_28:inst|jpd_freq_div_4:inst10|jpd_freq_div_unit:inst3|inst5'
Slack : -1.000
TNS   : -1.000

Type  : Fast 1200mV 0C Model Minimum Pulse Width 'jpd_freq_div_28:inst|jpd_freq_div_4:inst10|jpd_freq_div_unit:inst7|inst5'
Slack : -1.000
TNS   : -1.000

Type  : Fast 1200mV 0C Model Minimum Pulse Width 'jpd_freq_div_28:inst|jpd_freq_div_4:inst11|jpd_freq_div_unit:inst1|inst5'
Slack : -1.000
TNS   : -1.000

Type  : Fast 1200mV 0C Model Minimum Pulse Width 'jpd_freq_div_28:inst|jpd_freq_div_4:inst11|jpd_freq_div_unit:inst2|inst5'
Slack : -1.000
TNS   : -1.000

Type  : Fast 1200mV 0C Model Minimum Pulse Width 'jpd_freq_div_28:inst|jpd_freq_div_4:inst11|jpd_freq_div_unit:inst3|inst5'
Slack : -1.000
TNS   : -1.000

Type  : Fast 1200mV 0C Model Minimum Pulse Width 'jpd_freq_div_28:inst|jpd_freq_div_4:inst11|jpd_freq_div_unit:inst7|inst5'
Slack : -1.000
TNS   : -1.000

Type  : Fast 1200mV 0C Model Minimum Pulse Width 'jpd_freq_div_28:inst|jpd_freq_div_4:inst12|jpd_freq_div_unit:inst1|inst5'
Slack : -1.000
TNS   : -1.000

Type  : Fast 1200mV 0C Model Minimum Pulse Width 'jpd_freq_div_28:inst|jpd_freq_div_4:inst12|jpd_freq_div_unit:inst2|inst5'
Slack : -1.000
TNS   : -1.000

Type  : Fast 1200mV 0C Model Minimum Pulse Width 'jpd_freq_div_28:inst|jpd_freq_div_4:inst12|jpd_freq_div_unit:inst3|inst5'
Slack : -1.000
TNS   : -1.000

Type  : Fast 1200mV 0C Model Minimum Pulse Width 'jpd_freq_div_28:inst|jpd_freq_div_4:inst12|jpd_freq_div_unit:inst7|inst5'
Slack : -1.000
TNS   : -1.000

Type  : Fast 1200mV 0C Model Minimum Pulse Width 'jpd_freq_div_28:inst|jpd_freq_div_4:inst13|jpd_freq_div_unit:inst1|inst5'
Slack : -1.000
TNS   : -1.000

Type  : Fast 1200mV 0C Model Minimum Pulse Width 'jpd_freq_div_28:inst|jpd_freq_div_4:inst13|jpd_freq_div_unit:inst2|inst5'
Slack : -1.000
TNS   : -1.000

Type  : Fast 1200mV 0C Model Minimum Pulse Width 'jpd_freq_div_28:inst|jpd_freq_div_4:inst13|jpd_freq_div_unit:inst3|inst5'
Slack : -1.000
TNS   : -1.000

Type  : Fast 1200mV 0C Model Minimum Pulse Width 'jpd_freq_div_28:inst|jpd_freq_div_4:inst13|jpd_freq_div_unit:inst7|inst5'
Slack : -1.000
TNS   : -1.000

Type  : Fast 1200mV 0C Model Minimum Pulse Width 'jpd_freq_div_28:inst|jpd_freq_div_4:inst7|jpd_freq_div_unit:inst1|inst5'
Slack : -1.000
TNS   : -1.000

Type  : Fast 1200mV 0C Model Minimum Pulse Width 'jpd_freq_div_28:inst|jpd_freq_div_4:inst7|jpd_freq_div_unit:inst2|inst5'
Slack : -1.000
TNS   : -1.000

Type  : Fast 1200mV 0C Model Minimum Pulse Width 'jpd_freq_div_28:inst|jpd_freq_div_4:inst7|jpd_freq_div_unit:inst3|inst5'
Slack : -1.000
TNS   : -1.000

Type  : Fast 1200mV 0C Model Minimum Pulse Width 'jpd_freq_div_28:inst|jpd_freq_div_4:inst7|jpd_freq_div_unit:inst7|inst5'
Slack : -1.000
TNS   : -1.000

Type  : Fast 1200mV 0C Model Minimum Pulse Width 'jpd_freq_div_28:inst|jpd_freq_div_4:inst8|jpd_freq_div_unit:inst1|inst5'
Slack : -1.000
TNS   : -1.000

Type  : Fast 1200mV 0C Model Minimum Pulse Width 'jpd_freq_div_28:inst|jpd_freq_div_4:inst8|jpd_freq_div_unit:inst2|inst5'
Slack : -1.000
TNS   : -1.000

Type  : Fast 1200mV 0C Model Minimum Pulse Width 'jpd_freq_div_28:inst|jpd_freq_div_4:inst8|jpd_freq_div_unit:inst3|inst5'
Slack : -1.000
TNS   : -1.000

Type  : Fast 1200mV 0C Model Minimum Pulse Width 'jpd_freq_div_28:inst|jpd_freq_div_4:inst8|jpd_freq_div_unit:inst7|inst5'
Slack : -1.000
TNS   : -1.000

------------------------------------------------------------
